# vim: set ft=dosini:
[iconfont]
tuichu = 0xe604
fanhui = 0xe608
facebook = 0xe60e
twitter = 0xe60f
xiangyou = 0xe609
right = 0xe60a
fanhui1 = 0xe60b
fenxiang = 0xe632
xiangxia = 0xe605
xiangxia1 = 0xe606
xiangxia2 = 0xe607
suofang = 0xe677
new3 = 0xe761
chexiao = 0xe688
link = 0xe678
esc = 0xe629
chexiao1 = 0xe675
iconfont = 0xe631
suoding = 0xe633
bianji = 0xe636
shoucang2 = 0xe638
xinjian = 0xe639
shoucang1 = 0xe63a
gongkai = 0xe63b
gouwuche1 = 0xe63c
zhongwen = 0xe63f
shangchuan = 0xe640
yingwen = 0xe641
gouwuche2 = 0xe642
shanchu = 0xe643
xiazai = 0xe644
sousuo = 0xe645
dashang = 0xe634
xiangmu = 0xe635
fuzhidaima1 = 0xe646
wofaqi = 0xe647
xiangmuchengyuan = 0xe648
gengduo = 0xe649
wocanyu = 0xe64a
lishi = 0xe64b
piliang = 0xe64c
shijian = 0xe64d
gonggao = 0xe652
weixin = 0xe653
weibo = 0xe654
gerenzhanghu = 0xe637
tianjiachengyuan = 0xe63d
soutubiao = 0xe63e
souren = 0xe655
yuzhanghao = 0xe656
biaoqing = 0xe657
qq = 0xe658
weibo1 = 0xe659
zuoxuan = 0xe65a
fangda2 = 0xe65b
zuo2 = 0xe65c
suoxiao = 0xe65d
you2 = 0xe65e
suoxiao2 = 0xe65f
youxuan2 = 0xe660
zuo = 0xe661
zuoxuan2 = 0xe662
shang = 0xe663
shang2 = 0xe664
youxuan = 0xe665
xia2 = 0xe666
fangda = 0xe667
xia = 0xe668
you = 0xe669
zhuanrang = 0xe66a
dianzan = 0xe66b
huifu = 0xe66c
saoyisao = 0xe66d
shuoming = 0xe600
jinggao = 0xe601
jieshi = 0xe602
youxiang = 0xe603
guanbi = 0xe60c
qunzhu = 0xe60d
fuzhichenggong = 0xe611
weijiaru = 0xe612
daishenhe = 0xe613
shenhetongguo = 0xe614
shenhejujue = 0xe615
xinjiantubiaoku = 0xe616
tubiaoku = 0xe617
gouwuche = 0xe618
huidingbu = 0xe619
dianzan1 = 0xe61a
morentouxiang = 0xe610
paixu = 0xe61b
wenjian = 0xe61c
github = 0xe61d
yuzhanghao1 = 0xe61e
weibo2 = 0xe61f
you1 = 0xe620
zuo1 = 0xe621
shang1 = 0xe622
iconfont1 = 0xe623
gonggaodayi = 0xe625
gongnengjieshao = 0xe626
tubiaohuizhi = 0xe627
daimayingyong = 0xe628
zhifubao = 0xe624
alibaba = 0xe62a
xiaomi = 0xe62b
zhongguodianxin = 0xe62c
tianmao = 0xe62d
alimama = 0xe62e
zhubajie = 0xe62f
tengxunwang = 0xe630
aliyun = 0xe64e
taobaowang = 0xe64f
anzhuo = 0xe650
ios = 0xe651
pcduan = 0xe670
qingchu = 0xe673
huizhiguize = 0xe66e
zhizuoliucheng = 0xe66f
fuzhidaima = 0xe671
fankui1 = 0xe672
weitijiao = 0xe674
success = 0xe6b3
restore = 0xe676
jingxuan = 0xe7da
duose = 0xe7db
shouqi = 0xe7e7
zhankai = 0xe7e8
tupianshangchuan = 0xe7ee
huodong = 0xe7ef
qiehuan = 0xe80d
shoucangku = 0xe814
shoucangku1 = 0xe815
tiaozhuan = 0xe833
huifu1 = 0xe860
logo = 0xe86b
zip = 0xe874
new = 0xe875
set-tag = 0xe6db
recycle = 0xe6fa
yincang = 0xe777
deleted-project = 0xe88f
history = 0xe890
